
> nestcraft-nextjs@1.0.0 build D:\projects\allied-surplus
> next build

   Γû▓ Next.js 15.5.14
   - Environments: .env

   Creating an optimized production build ...
 Γ£ô Compiled successfully in 15.9s
   Linting and checking validity of types ...
node.exe : Failed to 
compile.
At C:\Users\manis\AppData\R
oaming\npm\pnpm.ps1:24 
char:5
+     & "node$exe"  "$based
ir/node_modules/pnpm/bin/pn
pm.cjs" $args
+     ~~~~~~~~~~~~~~~~~~~~~
~~~~~~~~~~~~~~~~~~~~~~~~~~~
~~~~~~~~~~~~~
    + CategoryInfo         
     : NotSpecified: (Fai  
  led to compile.:String   
 ) [], RemoteException
    + FullyQualifiedErrorI 
   d : NativeCommandError
 

./app/admin/(dashboard)/pag
es/page.tsx:161:65
Type error: Property 
'isPublished' does not 
exist on type 'Page'.

[0m [90m 159 |[39m      
               
[33m<[39m[33mdiv[39m cl
assName[33m=[39m[32m"fle
x items-center 
gap-2"[39m[33m>[39m
 [90m 160 |[39m          
              
[33m<[39m[33mspan[39m
[31m[1m>[22m[39m[90m 
161 |[39m                 
        className[33m=[39
m{[32m`w-2 h-2 
rounded-full 
${page.isPublished ? 
"bg-emerald-500 shadow-[0_0
_8px_rgba(16,185,129,0.5)]"
 : "bg-slate-600"}`[39m}
 [90m     |[39m          
                           
                           
 [31m[1m^[22m[39m
 [90m 162 |[39m          
              
[33m/[39m[33m>[39m
 [90m 163 |[39m          
              
[33m<[39m[33mspan[39m
 [90m 164 |[39m          
                className[
33m=[39m{[32m`text-[9px] 
font-black uppercase 
tracking-widest ${[39m[0m
Next.js build worker 
exited with code: 1 and 
signal: null
ΓÇëELIFECYCLEΓÇë Command failed with exit code 1.
